2026-09-02 21:48:24 - 404 - /favicon.ico - https://main.local/
2026-09-02 21:49:51 - 404 - /favicon.ico - https://main.local/
2026-09-02 21:50:21 - 404 - /favicon.ico - https://main.local/
2026-09-02 21:50:43 - 404 - /favicon.ico - https://main.local/contacts.php.php
2026-09-02 21:50:44 - 404 - /favicon.ico - https://main.local/contacts.php.php
2026-09-02 21:50:44 - 404 - /favicon.ico - https://main.local/contacts.php.php
2026-09-02 21:50:46 - 404 - /favicon.ico - https://main.local/contacts.php.php
2026-09-02 21:56:34 - 404 - /favicon.ico - https://main.local/contacts.php
2026-09-02 21:59:49 - 404 - /favicon.ico - https://main.local/contacts.php
2026-09-02 22:02:10 - 404 - /favicon.ico - https://main.local/anti_corruption.php
2026-09-02 22:04:30 - 404 - /favicon.ico - https://main.local/index.php
2026-09-02 22:05:02 - 404 - /css/style_mobile.css - https://main.local/price.php
2026-09-02 22:05:03 - 404 - /css/style_mobile.css - https://main.local/news.php
2026-09-02 22:05:47 - 404 - /favicon.ico - https://main.local/index.php
2026-09-02 22:09:08 - 404 - /favicon.ico - https://main.local/index.php
2026-09-02 22:09:54 - 404 - /favicon.ico - https://main.local/index.php
2026-09-02 22:11:08 - 404 - /favicon.ico - https://main.local/index.php
2026-09-02 22:11:54 - 404 - /css/style_mobile.css - https://main.local/price.php
2026-09-02 22:13:36 - 404 - /favicon.ico - https://main.local/index.php
2026-09-02 22:14:36 - 404 - /favicon.ico - https://main.local/index.php
2026-09-02 22:14:37 - 404 - /favicon.ico - https://main.local/index.php
2026-09-02 22:14:37 - 404 - /favicon.ico - https://main.local/index.php
2026-09-02 22:14:37 - 404 - /favicon.ico - https://main.local/index.php
2026-09-02 22:14:41 - 404 - /favicon.ico - https://main.local/index.php
2026-09-02 22:14:42 - 404 - /favicon.ico - https://main.local/index.php
2026-09-02 22:14:48 - 404 - /favicon.ico - https://main.local/index.php
2026-09-02 22:15:53 - 404 - /favicon.ico - https://main.local/index.php
2026-09-02 22:16:14 - 404 - /favicon.ico - https://main.local/index.php
2026-09-02 22:16:15 - 404 - /favicon.ico - https://main.local/index.php
2026-09-02 22:16:16 - 404 - /favicon.ico - https://main.local/index.php
2026-09-02 22:17:10 - 404 - /favicon.ico - https://main.local/index.php
2026-09-02 22:17:12 - 404 - /favicon.ico - https://main.local/index.php
2026-09-02 22:18:12 - 404 - /favicon.ico - https://main.local/index.php
2026-09-02 22:18:53 - 404 - /favicon.ico - https://main.local/index.php
2026-09-02 22:18:54 - 404 - /favicon.ico - https://main.local/index.php
2026-09-02 22:19:18 - 404 - /favicon.ico - https://main.local/index.php
2026-09-02 22:20:15 - 404 - /css/style_mobile.css - https://main.local/price.php
2026-09-02 22:20:17 - 404 - /css/style_mobile.css - https://main.local/price.php
2026-09-02 22:20:18 - 404 - /css/style_mobile.css - https://main.local/news.php
2026-09-02 22:20:37 - 404 - /favicon.ico - https://main.local/index.php
2026-09-02 22:21:04 - 404 - /favicon.ico - https://main.local/index.php
2026-09-02 22:23:37 - 404 - /favicon.ico - https://main.local/index.php
2026-09-02 22:23:38 - 404 - /favicon.ico - https://main.local/index.php
2026-09-02 22:23:38 - 404 - /favicon.ico - https://main.local/index.php
2026-09-02 22:23:48 - 404 - /favicon.ico - https://main.local/index.php
2026-09-02 22:24:30 - 404 - /favicon.ico - https://main.local/index.php
2026-09-02 22:24:31 - 404 - /favicon.ico - https://main.local/index.php
2026-09-02 22:26:13 - 404 - /favicon.ico - https://main.local/index.php
2026-09-02 22:26:53 - 404 - /css/style_mobile.css - https://main.local/news.php
2026-09-22 01:15:26 - 404 - /favicon.ico - https://main.local/
2026-09-22 01:19:13 - 404 - /css/sitemap.css - https://main.local/sitemap.php
2026-09-22 01:19:14 - 404 - /css/sitemap.css - https://main.local/sitemap.php
2026-09-22 01:19:22 - 404 - /css/sitemap.css - https://main.local/sitemap.php
2026-09-22 01:19:22 - 404 - /favicon.ico - https://main.local/sitemap.php
2026-09-22 01:19:38 - 404 - /css/style_mobile.css - https://main.local/news.php
2026-09-22 01:22:00 - 404 - /css/sitemap.css - https://main.local/sitemap.php
2026-09-22 01:22:00 - 404 - /favicon.ico - https://main.local/sitemap.php
2026-09-22 01:22:10 - 404 - /admin/index.php - https://main.local/sitemap.php
2026-09-22 01:22:10 - 404 - /admin/css/404.css - https://main.local/admin/index.php
2026-09-22 01:22:10 - 404 - /admin/css/mobile_all.css - https://main.local/admin/index.php
